// Jest Snapshot v1, https://goo.gl/fbAQLP

exports[`<Article /> it renders correctly 1`] = `
<div>
  <h1
    className="c-article__header"
  >
    This is my article
  </h1>
  <hr
    className="c-article__rule"
  />
  <p
    className="c-article__intro"
  >
    This is the intro text to my article
  </p>
  <p
    className="c-article__body"
  >
    This is the **body** of my article, which includes markdown
  </p>
</div>
`;
